#-----------------------------------------------------------
# Vivado v2020.1 (64-bit)
# SW Build 2902540 on Wed May 27 19:54:49 MDT 2020
# IP Build 2902112 on Wed May 27 22:43:36 MDT 2020
# Start of session at: Thu Dec 10 11:07:19 2020
# Process ID: 1308
# Current directory: C:/Users/Facu Bosack/Documents/tp3-arqui/TP3
# Command line: vivado.exe -gui_launcher_event rodinguilauncherevent13024 C:\Users\Facu Bosack\Documents\tp3-arqui\TP3\TP3.xpr
# Log file: C:/Users/Facu Bosack/Documents/tp3-arqui/TP3/vivado.log
# Journal file: C:/Users/Facu Bosack/Documents/tp3-arqui/TP3\vivado.jou
#-----------------------------------------------------------
start_gui
open_project {C:/Users/Facu Bosack/Documents/tp3-arqui/TP3/TP3.xpr}
update_compile_order -fileset sources_1
close_project
open_project {C:/Users/Facu Bosack/Documents/tp2-uart-pichetti-bosack/TP2_UART/TP2_UART.xpr}
close_project
open_project {C:/Users/Facu Bosack/Documents/tp3-arqui/TP3/TP3.xpr}
update_compile_order -fileset sources_1
# Disabling source management mode.  This is to allow the top design properties to be set without GUI intervention.
set_property source_mgmt_mode None [current_project]
set_property top Testbench [current_fileset]
# Re-enabling previously disabled source management mode.
set_property source_mgmt_mode All [current_project]
update_compile_order -fileset sources_1
launch_simulation
open_wave_config {C:/Users/Facu Bosack/Documents/tp3-arqui/TP3/Testbench_behav.wcfg}
source Testbench.tcl
relaunch_sim
relaunch_sim
close_sim
reset_run synth_1
launch_runs synth_1 -jobs 3
wait_on_run synth_1
# Disabling source management mode.  This is to allow the top design properties to be set without GUI intervention.
set_property source_mgmt_mode None [current_project]
set_property top TOP [current_fileset]
# Re-enabling previously disabled source management mode.
set_property source_mgmt_mode All [current_project]
update_compile_order -fileset sources_1
reset_run synth_1
launch_runs synth_1 -jobs 3
wait_on_run synth_1
